ping
pong
ping
pong
ping
pong
ping
pong
ping
pong
ping
pong
exit-ping
exit-pong